mamaliga 
mamaliga cu 
mamaliga cu smantana 
mamaliga smantana 
cu mamaliga smantana 
cu mamaliga cu smantana 
cu mamaliga cu smantana cu 
smantana cu 
smantana cu mamaliga cu cu 
cu mamaliga cu smantana cu mamaliga cu cu 
cu mamaliga cu cu mamaliga cu smantana cu mamaliga cu cu 
cu mamaliga cu mamaliga cu cu cu mamaliga cu smantana cu mamaliga cu cu 
cu mamaliga cu mamaliga cu cu cu mamaliga cu mamaliga cu cu smantana cu mamaliga cu cu 
